Training neural network with 2000000 games
Training neural network against 2000000 random games...
Games: 10000, Wins: 8243 (82.4%), Losses: 708 (7.1%), Ties: 1049 (10.5%)
Games: 20000, Wins: 8671 (86.7%), Losses: 0 (0.0%), Ties: 1329 (13.3%)
Games: 30000, Wins: 8683 (86.8%), Losses: 0 (0.0%), Ties: 1317 (13.2%)
Games: 40000, Wins: 8645 (86.4%), Losses: 0 (0.0%), Ties: 1355 (13.5%)
Games: 50000, Wins: 8696 (87.0%), Losses: 0 (0.0%), Ties: 1304 (13.0%)
Games: 60000, Wins: 8631 (86.3%), Losses: 0 (0.0%), Ties: 1369 (13.7%)
Games: 70000, Wins: 8656 (86.6%), Losses: 0 (0.0%), Ties: 1344 (13.4%)
Games: 80000, Wins: 8656 (86.6%), Losses: 0 (0.0%), Ties: 1344 (13.4%)
Games: 90000, Wins: 8698 (87.0%), Losses: 0 (0.0%), Ties: 1302 (13.0%)
Games: 100000, Wins: 8653 (86.5%), Losses: 0 (0.0%), Ties: 1347 (13.5%)
Games: 110000, Wins: 8690 (86.9%), Losses: 0 (0.0%), Ties: 1310 (13.1%)
Games: 120000, Wins: 8716 (87.2%), Losses: 0 (0.0%), Ties: 1284 (12.8%)
Games: 130000, Wins: 8721 (87.2%), Losses: 0 (0.0%), Ties: 1279 (12.8%)
Games: 140000, Wins: 8664 (86.6%), Losses: 0 (0.0%), Ties: 1336 (13.4%)
Games: 150000, Wins: 8712 (87.1%), Losses: 0 (0.0%), Ties: 1288 (12.9%)
Games: 160000, Wins: 8692 (86.9%), Losses: 0 (0.0%), Ties: 1308 (13.1%)
Games: 170000, Wins: 8574 (85.7%), Losses: 0 (0.0%), Ties: 1426 (14.3%)
Games: 180000, Wins: 8629 (86.3%), Losses: 0 (0.0%), Ties: 1371 (13.7%)
Games: 190000, Wins: 8718 (87.2%), Losses: 0 (0.0%), Ties: 1282 (12.8%)
Games: 200000, Wins: 8629 (86.3%), Losses: 0 (0.0%), Ties: 1371 (13.7%)
Games: 210000, Wins: 8630 (86.3%), Losses: 0 (0.0%), Ties: 1370 (13.7%)
Games: 220000, Wins: 8657 (86.6%), Losses: 0 (0.0%), Ties: 1343 (13.4%)
Games: 230000, Wins: 8667 (86.7%), Losses: 0 (0.0%), Ties: 1333 (13.3%)
Games: 240000, Wins: 8603 (86.0%), Losses: 0 (0.0%), Ties: 1397 (14.0%)
Games: 250000, Wins: 8672 (86.7%), Losses: 0 (0.0%), Ties: 1328 (13.3%)
Games: 260000, Wins: 8719 (87.2%), Losses: 0 (0.0%), Ties: 1281 (12.8%)
Games: 270000, Wins: 8665 (86.7%), Losses: 0 (0.0%), Ties: 1335 (13.3%)
Games: 280000, Wins: 8646 (86.5%), Losses: 0 (0.0%), Ties: 1354 (13.5%)
Games: 290000, Wins: 8639 (86.4%), Losses: 0 (0.0%), Ties: 1361 (13.6%)
Games: 300000, Wins: 8692 (86.9%), Losses: 0 (0.0%), Ties: 1308 (13.1%)
Games: 310000, Wins: 8623 (86.2%), Losses: 0 (0.0%), Ties: 1377 (13.8%)
Games: 320000, Wins: 8636 (86.4%), Losses: 0 (0.0%), Ties: 1364 (13.6%)
Games: 330000, Wins: 8645 (86.4%), Losses: 0 (0.0%), Ties: 1355 (13.5%)
Games: 340000, Wins: 8657 (86.6%), Losses: 0 (0.0%), Ties: 1343 (13.4%)
Games: 350000, Wins: 8664 (86.6%), Losses: 0 (0.0%), Ties: 1336 (13.4%)
Games: 360000, Wins: 8691 (86.9%), Losses: 0 (0.0%), Ties: 1309 (13.1%)
Games: 370000, Wins: 8687 (86.9%), Losses: 0 (0.0%), Ties: 1313 (13.1%)
Games: 380000, Wins: 8669 (86.7%), Losses: 0 (0.0%), Ties: 1331 (13.3%)
Games: 390000, Wins: 8657 (86.6%), Losses: 0 (0.0%), Ties: 1343 (13.4%)
Games: 400000, Wins: 8678 (86.8%), Losses: 0 (0.0%), Ties: 1322 (13.2%)
Games: 410000, Wins: 8670 (86.7%), Losses: 0 (0.0%), Ties: 1330 (13.3%)
Games: 420000, Wins: 8762 (87.6%), Losses: 0 (0.0%), Ties: 1238 (12.4%)
Games: 430000, Wins: 8639 (86.4%), Losses: 0 (0.0%), Ties: 1361 (13.6%)
Games: 440000, Wins: 8584 (85.8%), Losses: 0 (0.0%), Ties: 1416 (14.2%)
Games: 450000, Wins: 8690 (86.9%), Losses: 0 (0.0%), Ties: 1310 (13.1%)
Games: 460000, Wins: 8642 (86.4%), Losses: 0 (0.0%), Ties: 1358 (13.6%)
Games: 470000, Wins: 8652 (86.5%), Losses: 0 (0.0%), Ties: 1348 (13.5%)
Games: 480000, Wins: 8636 (86.4%), Losses: 0 (0.0%), Ties: 1364 (13.6%)
Games: 490000, Wins: 8702 (87.0%), Losses: 0 (0.0%), Ties: 1298 (13.0%)
Games: 500000, Wins: 8688 (86.9%), Losses: 0 (0.0%), Ties: 1312 (13.1%)
Games: 510000, Wins: 8665 (86.7%), Losses: 0 (0.0%), Ties: 1335 (13.3%)
Games: 520000, Wins: 8667 (86.7%), Losses: 0 (0.0%), Ties: 1333 (13.3%)
Games: 530000, Wins: 8694 (86.9%), Losses: 0 (0.0%), Ties: 1306 (13.1%)
Games: 540000, Wins: 8659 (86.6%), Losses: 0 (0.0%), Ties: 1341 (13.4%)
Games: 550000, Wins: 8671 (86.7%), Losses: 0 (0.0%), Ties: 1329 (13.3%)
Games: 560000, Wins: 8658 (86.6%), Losses: 0 (0.0%), Ties: 1342 (13.4%)
Games: 570000, Wins: 8653 (86.5%), Losses: 0 (0.0%), Ties: 1347 (13.5%)
Games: 580000, Wins: 8699 (87.0%), Losses: 0 (0.0%), Ties: 1301 (13.0%)
Games: 590000, Wins: 8709 (87.1%), Losses: 0 (0.0%), Ties: 1291 (12.9%)
Games: 600000, Wins: 8712 (87.1%), Losses: 0 (0.0%), Ties: 1288 (12.9%)
Games: 610000, Wins: 8698 (87.0%), Losses: 0 (0.0%), Ties: 1302 (13.0%)
Games: 620000, Wins: 8684 (86.8%), Losses: 0 (0.0%), Ties: 1316 (13.2%)
Games: 630000, Wins: 8711 (87.1%), Losses: 0 (0.0%), Ties: 1289 (12.9%)
Games: 640000, Wins: 8710 (87.1%), Losses: 0 (0.0%), Ties: 1290 (12.9%)
Games: 650000, Wins: 8708 (87.1%), Losses: 0 (0.0%), Ties: 1292 (12.9%)
Games: 660000, Wins: 8671 (86.7%), Losses: 0 (0.0%), Ties: 1329 (13.3%)
Games: 670000, Wins: 8626 (86.3%), Losses: 0 (0.0%), Ties: 1374 (13.7%)
Games: 680000, Wins: 8714 (87.1%), Losses: 0 (0.0%), Ties: 1286 (12.9%)
Games: 690000, Wins: 8652 (86.5%), Losses: 0 (0.0%), Ties: 1348 (13.5%)
Games: 700000, Wins: 8680 (86.8%), Losses: 0 (0.0%), Ties: 1320 (13.2%)
Games: 710000, Wins: 8638 (86.4%), Losses: 0 (0.0%), Ties: 1362 (13.6%)
Games: 720000, Wins: 8630 (86.3%), Losses: 0 (0.0%), Ties: 1370 (13.7%)
Games: 730000, Wins: 8722 (87.2%), Losses: 0 (0.0%), Ties: 1278 (12.8%)
Games: 740000, Wins: 8683 (86.8%), Losses: 0 (0.0%), Ties: 1317 (13.2%)
Games: 750000, Wins: 8664 (86.6%), Losses: 0 (0.0%), Ties: 1336 (13.4%)
Games: 760000, Wins: 8686 (86.9%), Losses: 0 (0.0%), Ties: 1314 (13.1%)
Games: 770000, Wins: 8686 (86.9%), Losses: 0 (0.0%), Ties: 1314 (13.1%)
Games: 780000, Wins: 8730 (87.3%), Losses: 0 (0.0%), Ties: 1270 (12.7%)
Games: 790000, Wins: 8690 (86.9%), Losses: 0 (0.0%), Ties: 1310 (13.1%)
Games: 800000, Wins: 8653 (86.5%), Losses: 0 (0.0%), Ties: 1347 (13.5%)
Games: 810000, Wins: 8655 (86.5%), Losses: 0 (0.0%), Ties: 1345 (13.4%)
Games: 820000, Wins: 8645 (86.4%), Losses: 0 (0.0%), Ties: 1355 (13.5%)
Games: 830000, Wins: 8672 (86.7%), Losses: 0 (0.0%), Ties: 1328 (13.3%)
Games: 840000, Wins: 8726 (87.3%), Losses: 0 (0.0%), Ties: 1274 (12.7%)
Games: 850000, Wins: 8710 (87.1%), Losses: 0 (0.0%), Ties: 1290 (12.9%)
Games: 860000, Wins: 8629 (86.3%), Losses: 0 (0.0%), Ties: 1371 (13.7%)
Games: 870000, Wins: 8653 (86.5%), Losses: 0 (0.0%), Ties: 1347 (13.5%)
Games: 880000, Wins: 8696 (87.0%), Losses: 0 (0.0%), Ties: 1304 (13.0%)
Games: 890000, Wins: 8616 (86.2%), Losses: 0 (0.0%), Ties: 1384 (13.8%)
Games: 900000, Wins: 8655 (86.5%), Losses: 0 (0.0%), Ties: 1345 (13.4%)
Games: 910000, Wins: 8693 (86.9%), Losses: 0 (0.0%), Ties: 1307 (13.1%)
Games: 920000, Wins: 8707 (87.1%), Losses: 0 (0.0%), Ties: 1293 (12.9%)
Games: 930000, Wins: 8625 (86.2%), Losses: 0 (0.0%), Ties: 1375 (13.8%)
Games: 940000, Wins: 8717 (87.2%), Losses: 0 (0.0%), Ties: 1283 (12.8%)
Games: 950000, Wins: 8705 (87.0%), Losses: 0 (0.0%), Ties: 1295 (12.9%)
Games: 960000, Wins: 8656 (86.6%), Losses: 0 (0.0%), Ties: 1344 (13.4%)
Games: 970000, Wins: 8678 (86.8%), Losses: 0 (0.0%), Ties: 1322 (13.2%)
Games: 980000, Wins: 8650 (86.5%), Losses: 0 (0.0%), Ties: 1350 (13.5%)
Games: 990000, Wins: 8658 (86.6%), Losses: 0 (0.0%), Ties: 1342 (13.4%)
Games: 1000000, Wins: 8676 (86.8%), Losses: 0 (0.0%), Ties: 1324 (13.2%)
Games: 1010000, Wins: 8643 (86.4%), Losses: 0 (0.0%), Ties: 1357 (13.6%)
Games: 1020000, Wins: 8607 (86.1%), Losses: 0 (0.0%), Ties: 1393 (13.9%)
Games: 1030000, Wins: 8737 (87.4%), Losses: 0 (0.0%), Ties: 1263 (12.6%)
Games: 1040000, Wins: 8690 (86.9%), Losses: 0 (0.0%), Ties: 1310 (13.1%)
Games: 1050000, Wins: 8662 (86.6%), Losses: 0 (0.0%), Ties: 1338 (13.4%)
Games: 1060000, Wins: 8671 (86.7%), Losses: 0 (0.0%), Ties: 1329 (13.3%)
Games: 1070000, Wins: 8680 (86.8%), Losses: 0 (0.0%), Ties: 1320 (13.2%)
Games: 1080000, Wins: 8702 (87.0%), Losses: 0 (0.0%), Ties: 1298 (13.0%)
Games: 1090000, Wins: 8695 (86.9%), Losses: 0 (0.0%), Ties: 1305 (13.0%)
Games: 1100000, Wins: 8651 (86.5%), Losses: 0 (0.0%), Ties: 1349 (13.5%)
Games: 1110000, Wins: 8654 (86.5%), Losses: 0 (0.0%), Ties: 1346 (13.5%)
Games: 1120000, Wins: 8702 (87.0%), Losses: 0 (0.0%), Ties: 1298 (13.0%)
Games: 1130000, Wins: 8760 (87.6%), Losses: 0 (0.0%), Ties: 1240 (12.4%)
Games: 1140000, Wins: 8708 (87.1%), Losses: 0 (0.0%), Ties: 1292 (12.9%)
Games: 1150000, Wins: 8666 (86.7%), Losses: 0 (0.0%), Ties: 1334 (13.3%)
Games: 1160000, Wins: 8663 (86.6%), Losses: 0 (0.0%), Ties: 1337 (13.4%)
Games: 1170000, Wins: 8690 (86.9%), Losses: 0 (0.0%), Ties: 1310 (13.1%)
Games: 1180000, Wins: 8711 (87.1%), Losses: 0 (0.0%), Ties: 1289 (12.9%)
Games: 1190000, Wins: 8665 (86.7%), Losses: 0 (0.0%), Ties: 1335 (13.3%)
Games: 1200000, Wins: 8687 (86.9%), Losses: 0 (0.0%), Ties: 1313 (13.1%)
Games: 1210000, Wins: 8679 (86.8%), Losses: 0 (0.0%), Ties: 1321 (13.2%)
Games: 1220000, Wins: 8684 (86.8%), Losses: 0 (0.0%), Ties: 1316 (13.2%)
Games: 1230000, Wins: 8644 (86.4%), Losses: 0 (0.0%), Ties: 1356 (13.6%)
Games: 1240000, Wins: 8736 (87.4%), Losses: 0 (0.0%), Ties: 1264 (12.6%)
Games: 1250000, Wins: 8750 (87.5%), Losses: 0 (0.0%), Ties: 1250 (12.5%)
Games: 1260000, Wins: 8643 (86.4%), Losses: 0 (0.0%), Ties: 1357 (13.6%)
Games: 1270000, Wins: 8686 (86.9%), Losses: 0 (0.0%), Ties: 1314 (13.1%)
Games: 1280000, Wins: 8699 (87.0%), Losses: 0 (0.0%), Ties: 1301 (13.0%)
Games: 1290000, Wins: 8672 (86.7%), Losses: 0 (0.0%), Ties: 1328 (13.3%)
Games: 1300000, Wins: 8721 (87.2%), Losses: 0 (0.0%), Ties: 1279 (12.8%)
Games: 1310000, Wins: 8675 (86.8%), Losses: 0 (0.0%), Ties: 1325 (13.2%)
Games: 1320000, Wins: 8818 (88.2%), Losses: 0 (0.0%), Ties: 1182 (11.8%)
Games: 1330000, Wins: 8730 (87.3%), Losses: 0 (0.0%), Ties: 1270 (12.7%)
Games: 1340000, Wins: 8732 (87.3%), Losses: 0 (0.0%), Ties: 1268 (12.7%)
Games: 1350000, Wins: 8709 (87.1%), Losses: 0 (0.0%), Ties: 1291 (12.9%)
Games: 1360000, Wins: 8662 (86.6%), Losses: 0 (0.0%), Ties: 1338 (13.4%)
Games: 1370000, Wins: 8674 (86.7%), Losses: 0 (0.0%), Ties: 1326 (13.3%)
Games: 1380000, Wins: 8736 (87.4%), Losses: 0 (0.0%), Ties: 1264 (12.6%)
Games: 1390000, Wins: 8696 (87.0%), Losses: 0 (0.0%), Ties: 1304 (13.0%)
Games: 1400000, Wins: 8660 (86.6%), Losses: 0 (0.0%), Ties: 1340 (13.4%)
Games: 1410000, Wins: 8641 (86.4%), Losses: 0 (0.0%), Ties: 1359 (13.6%)
Games: 1420000, Wins: 8683 (86.8%), Losses: 0 (0.0%), Ties: 1317 (13.2%)
Games: 1430000, Wins: 8694 (86.9%), Losses: 0 (0.0%), Ties: 1306 (13.1%)
Games: 1440000, Wins: 8662 (86.6%), Losses: 0 (0.0%), Ties: 1338 (13.4%)
Games: 1450000, Wins: 8684 (86.8%), Losses: 0 (0.0%), Ties: 1316 (13.2%)
Games: 1460000, Wins: 8662 (86.6%), Losses: 0 (0.0%), Ties: 1338 (13.4%)
Games: 1470000, Wins: 8662 (86.6%), Losses: 0 (0.0%), Ties: 1338 (13.4%)
Games: 1480000, Wins: 8665 (86.7%), Losses: 0 (0.0%), Ties: 1335 (13.3%)
Games: 1490000, Wins: 8646 (86.5%), Losses: 0 (0.0%), Ties: 1354 (13.5%)
Games: 1500000, Wins: 8670 (86.7%), Losses: 0 (0.0%), Ties: 1330 (13.3%)
Games: 1510000, Wins: 8657 (86.6%), Losses: 0 (0.0%), Ties: 1343 (13.4%)
Games: 1520000, Wins: 8655 (86.5%), Losses: 0 (0.0%), Ties: 1345 (13.4%)
Games: 1530000, Wins: 8657 (86.6%), Losses: 0 (0.0%), Ties: 1343 (13.4%)
Games: 1540000, Wins: 8725 (87.2%), Losses: 0 (0.0%), Ties: 1275 (12.8%)
Games: 1550000, Wins: 8616 (86.2%), Losses: 0 (0.0%), Ties: 1384 (13.8%)
Games: 1560000, Wins: 8695 (86.9%), Losses: 0 (0.0%), Ties: 1305 (13.0%)
Games: 1570000, Wins: 8688 (86.9%), Losses: 0 (0.0%), Ties: 1312 (13.1%)
Games: 1580000, Wins: 8591 (85.9%), Losses: 0 (0.0%), Ties: 1409 (14.1%)
Games: 1590000, Wins: 8714 (87.1%), Losses: 0 (0.0%), Ties: 1286 (12.9%)
Games: 1600000, Wins: 8704 (87.0%), Losses: 0 (0.0%), Ties: 1296 (13.0%)
Games: 1610000, Wins: 8684 (86.8%), Losses: 0 (0.0%), Ties: 1316 (13.2%)
Games: 1620000, Wins: 8714 (87.1%), Losses: 0 (0.0%), Ties: 1286 (12.9%)
Games: 1630000, Wins: 8657 (86.6%), Losses: 0 (0.0%), Ties: 1343 (13.4%)
Games: 1640000, Wins: 8732 (87.3%), Losses: 0 (0.0%), Ties: 1268 (12.7%)
Games: 1650000, Wins: 8647 (86.5%), Losses: 0 (0.0%), Ties: 1353 (13.5%)
Games: 1660000, Wins: 8707 (87.1%), Losses: 0 (0.0%), Ties: 1293 (12.9%)
Games: 1670000, Wins: 8707 (87.1%), Losses: 0 (0.0%), Ties: 1293 (12.9%)
Games: 1680000, Wins: 8722 (87.2%), Losses: 0 (0.0%), Ties: 1278 (12.8%)
Games: 1690000, Wins: 8608 (86.1%), Losses: 0 (0.0%), Ties: 1392 (13.9%)
Games: 1700000, Wins: 8711 (87.1%), Losses: 0 (0.0%), Ties: 1289 (12.9%)
Games: 1710000, Wins: 8671 (86.7%), Losses: 0 (0.0%), Ties: 1329 (13.3%)
Games: 1720000, Wins: 8651 (86.5%), Losses: 0 (0.0%), Ties: 1349 (13.5%)
Games: 1730000, Wins: 8685 (86.8%), Losses: 0 (0.0%), Ties: 1315 (13.1%)
Games: 1740000, Wins: 8697 (87.0%), Losses: 0 (0.0%), Ties: 1303 (13.0%)
Games: 1750000, Wins: 8643 (86.4%), Losses: 0 (0.0%), Ties: 1357 (13.6%)
Games: 1760000, Wins: 8722 (87.2%), Losses: 0 (0.0%), Ties: 1278 (12.8%)
Games: 1770000, Wins: 8680 (86.8%), Losses: 0 (0.0%), Ties: 1320 (13.2%)
Games: 1780000, Wins: 8684 (86.8%), Losses: 0 (0.0%), Ties: 1316 (13.2%)
Games: 1790000, Wins: 8612 (86.1%), Losses: 0 (0.0%), Ties: 1388 (13.9%)
Games: 1800000, Wins: 8684 (86.8%), Losses: 0 (0.0%), Ties: 1316 (13.2%)
Games: 1810000, Wins: 8689 (86.9%), Losses: 0 (0.0%), Ties: 1311 (13.1%)
Games: 1820000, Wins: 8696 (87.0%), Losses: 0 (0.0%), Ties: 1304 (13.0%)
Games: 1830000, Wins: 8704 (87.0%), Losses: 0 (0.0%), Ties: 1296 (13.0%)
Games: 1840000, Wins: 8676 (86.8%), Losses: 0 (0.0%), Ties: 1324 (13.2%)
Games: 1850000, Wins: 8695 (86.9%), Losses: 0 (0.0%), Ties: 1305 (13.0%)
Games: 1860000, Wins: 8723 (87.2%), Losses: 0 (0.0%), Ties: 1277 (12.8%)
Games: 1870000, Wins: 8698 (87.0%), Losses: 0 (0.0%), Ties: 1302 (13.0%)
Games: 1880000, Wins: 8649 (86.5%), Losses: 0 (0.0%), Ties: 1351 (13.5%)
Games: 1890000, Wins: 8715 (87.2%), Losses: 0 (0.0%), Ties: 1285 (12.8%)
Games: 1900000, Wins: 8697 (87.0%), Losses: 0 (0.0%), Ties: 1303 (13.0%)
Games: 1910000, Wins: 8723 (87.2%), Losses: 0 (0.0%), Ties: 1277 (12.8%)
Games: 1920000, Wins: 8662 (86.6%), Losses: 0 (0.0%), Ties: 1338 (13.4%)
Games: 1930000, Wins: 8672 (86.7%), Losses: 0 (0.0%), Ties: 1328 (13.3%)
Games: 1940000, Wins: 8722 (87.2%), Losses: 0 (0.0%), Ties: 1278 (12.8%)
Games: 1950000, Wins: 8598 (86.0%), Losses: 0 (0.0%), Ties: 1402 (14.0%)
Games: 1960000, Wins: 8622 (86.2%), Losses: 0 (0.0%), Ties: 1378 (13.8%)
Games: 1970000, Wins: 8668 (86.7%), Losses: 0 (0.0%), Ties: 1332 (13.3%)
Games: 1980000, Wins: 8731 (87.3%), Losses: 0 (0.0%), Ties: 1269 (12.7%)
Games: 1990000, Wins: 8625 (86.2%), Losses: 0 (0.0%), Ties: 1375 (13.8%)
Games: 2000000, Wins: 8635 (86.3%), Losses: 0 (0.0%), Ties: 1365 (13.6%)

Training complete!
Neural network saved to ttt_nn.bin
